<html>
<body>
<pre>
<h1>µVision Build Log</h1>
<h2>Tool Versions:</h2>
IDE-Version: µVision V5.34.0.0
Copyright (C) 2021 ARM Ltd and ARM Germany GmbH. All rights reserved.
License Information: Betul Kaplan, none, LIC=KA39H-WQ0FP-DBUW6-RTVPR-73GTI-9IM5C
 
Tool Versions:
Toolchain:       MDK-ARM Cortex-M0/M0+ for ST  Version: 5.34.0.0
Toolchain Path:  C:\Keil_v5\ARM\ARMCC\Bin
C Compiler:      Armcc.exe V5.06 update 7 (build 960)
Assembler:       Armasm.exe V5.06 update 7 (build 960)
Linker/Locator:  ArmLink.exe V5.06 update 7 (build 960)
Library Manager: ArmAr.exe V5.06 update 7 (build 960)
Hex Converter:   FromElf.exe V5.06 update 7 (build 960)
CPU DLL:         SARMCM3.DLL V5.34.0.0
Dialog DLL:      DARMCM1.DLL V1.19.4.0
Target DLL:      STLink\ST-LINKIII-KEIL_SWO.dll V3.0.8.0
Dialog DLL:      TARMCM1.DLL V1.14.3.0
 
<h2>Project:</h2>
C:\Users\Betul\Desktop\UART_RECEIVER\MDK-ARM\UART_RECEIVER.uvprojx
Project File Date:  06/27/2021

<h2>Output:</h2>
*** Using Compiler 'V5.06 update 7 (build 960)', folder: 'C:\Keil_v5\ARM\ARMCC\Bin'
Rebuild target 'UART_RECEIVER'
assembling startup_stm32l072xx.s...
compiling stm32l0xx_hal_tim_ex.c...
compiling stm32l0xx_hal_tim.c...
compiling stm32l0xx_hal_msp.c...
compiling stm32l0xx_it.c...
compiling stm32l0xx_hal_uart_ex.c...
compiling main.c...
compiling stm32l0xx_hal_uart.c...
compiling stm32l0xx_hal_i2c_ex.c...
compiling stm32l0xx_hal.c...
compiling stm32l0xx_hal_flash_ramfunc.c...
compiling stm32l0xx_hal_rcc_ex.c...
compiling stm32l0xx_hal_rcc.c...
compiling stm32l0xx_hal_i2c.c...
compiling stm32l0xx_hal_flash.c...
compiling stm32l0xx_hal_gpio.c...
compiling stm32l0xx_hal_flash_ex.c...
compiling stm32l0xx_hal_pwr.c...
compiling stm32l0xx_hal_dma.c...
compiling stm32l0xx_hal_pwr_ex.c...
compiling stm32l0xx_hal_cortex.c...
compiling stm32l0xx_hal_exti.c...
compiling system_stm32l0xx.c...
linking...
Program Size: Code=6140 RO-data=260 RW-data=20 ZI-data=1180  
FromELF: creating hex file...
"UART_RECEIVER\UART_RECEIVER.axf" - 0 Error(s), 0 Warning(s).

<h2>Software Packages used:</h2>

Package Vendor: ARM
                http://www.keil.com/pack/ARM.CMSIS.5.7.0.pack
                ARM.CMSIS.5.7.0
                CMSIS (Cortex Microcontroller Software Interface Standard)
   * Component: CORE Version: 5.4.0

Package Vendor: Keil
                http://www.keil.com/pack/Keil.STM32L0xx_DFP.2.1.0.pack
                Keil.STM32L0xx_DFP.2.1.0
                STMicroelectronics STM32L0 Series Device Support, Drivers and Examples

<h2>Collection of Component include folders:</h2>
  .\RTE\_UART_RECEIVER
  C:\Users\Betul\AppData\Local\Arm\Packs\ARM\CMSIS\5.7.0\CMSIS\Core\Include
  C:\Users\Betul\AppData\Local\Arm\Packs\Keil\STM32L0xx_DFP\2.1.0\Drivers\CMSIS\Device\ST\STM32L0xx\Include

<h2>Collection of Component Files used:</h2>

   * Component: ARM::CMSIS:CORE:5.4.0
      Include file:  CMSIS\Core\Include\tz_context.h
Build Time Elapsed:  00:00:10
</pre>
</body>
</html>
